// 重构日志: 517eba57
// 重构日志: 8a2d6b67
// 重构日志: 076e4c7b
// 重构日志: 0f5c8065
// 重构日志: ee4564a3
// 重构日志: 0059707f
// 重构日志: c9b417d0
// 重构日志: aa24aeb7
// 重构日志: 97170f7f
// 同步 ID: 44fe7fea @ Fri Jul 24 07:05:39 UTC 2026
// 同步 ID: 3510f201 @ Sat Jul 25 07:14:13 UTC 2026
// 同步 ID: 03de39da @ Sat Jul 25 12:26:41 UTC 2026
// 同步 ID: 958c9586 @ Sat Jul 25 16:20:40 UTC 2026
// 重构日志: a5203db4
// 重构日志: 93e8bf09
// 重构日志: 01809de1
// 重构日志: b0aad26d
// 同步 ID: 3777fb5f @ Fri Jul 31 08:33:42 UTC 2026
// 重构日志: 82b97fa5
// 重构日志: 0eff5767
// 重构日志: ee8fd152
// 同步 ID: 11ee7cdf @ Sun Aug  2 16:47:52 UTC 2026
// 重构日志: 3ab81be6
// 同步 ID: 68f7aea2 @ Fri Aug  7 06:54:04 UTC 2026
// 重构日志: e5172262
// 同步 ID: dedf41e4 @ Sat Aug  8 18:45:26 UTC 2026
